before

InternalError: too much recursion
stackOverflow (*test*messageMozJS*stack_overflow.js:*:*)
  at stackOverflow (*test*messageMozJS*stack_overflow.js:*:*)
  at stackOverflow (*test*messageMozJS*stack_overflow.js:*:*)
  at stackOverflow (*test*messageMozJS*stack_overflow.js:*:*)
  at stackOverflow (*test*messageMozJS*stack_overflow.js:*:*)
  at stackOverflow (*test*messageMozJS*stack_overflow.js:*:*)
  at stackOverflow (*test*messageMozJS*stack_overflow.js:*:*)
  at stackOverflow (*test*messageMozJS*stack_overflow.js:*:*)
  at stackOverflow (*test*messageMozJS*stack_overflow.js:
