before
uncaught exception: [object Object]Abort trap: 6